// Jest Snapshot v1, https://goo.gl/fbAQLP

exports[`TimeInput should display correctly 1`] = `
<label
  className="sc-bdVaJa eKxwv"
>
  time:
  <input
    className="sc-bwzfXH gEvcfP"
    data-max-length={1}
    data-next="input-minute"
    id="input-hour"
    name="input-hour"
    onChange={[Function]}
    onKeyDown={[Function]}
    onKeyPress={[Function]}
    placeholder="0"
    type="string"
    value=""
  />
  <input
    className="sc-bwzfXH gEvcfP"
    data-max-length={2}
    data-next="input-second"
    data-prev="input-hour"
    id="input-minute"
    name="input-minute"
    onChange={[Function]}
    onKeyDown={[Function]}
    onKeyPress={[Function]}
    placeholder="00"
    type="string"
    value=""
  />
  <input
    className="sc-bwzfXH gEvcfP"
    data-max-length={2}
    data-prev="input-minute"
    id="input-second"
    name="input-second"
    onChange={[Function]}
    onKeyDown={[Function]}
    onKeyPress={[Function]}
    placeholder="00"
    type="string"
    value=""
  />
</label>
`;
